Round,Winner,Player 1 name,Player 1 sign,Player 2 name,Player 2 sign
0,Georgia Terry,Georgia Terry,SCISSORS,Andrew Ainsworth,LIZARD
